some test results



D




D


== end

